exports[`test renders correctly 1`] = `
<h1
  title="Hello">
  Hello
</h1>
`;
